index 0
input 4bda777defad5c25f515ffe841e5e0d4
output 26747e22436d298640fe587b26c4d464
